// Vitest Snapshot v1, https://vitest.dev/guide/snapshot.html

exports[`Badge > renders with class correctly 1`] = `"<span class="inline-flex items-center text-xs px-2 py-1 bg-primary-500 dark:bg-primary-400 text-white dark:text-gray-900 rounded-full font-bold"></span>"`;

exports[`Badge > renders with color black correctly 1`] = `"<span class="rounded-md font-medium inline-flex items-center text-xs px-2 py-1 text-white dark:text-gray-900 bg-gray-900 dark:bg-white">Badge</span>"`;

exports[`Badge > renders with color gray correctly 1`] = `"<span class="rounded-md font-medium inline-flex items-center text-xs px-2 py-1 ring-1 ring-inset ring-gray-300 dark:ring-gray-700 text-gray-700 dark:text-gray-200 bg-gray-50 dark:bg-gray-800">Badge</span>"`;

exports[`Badge > renders with color green correctly 1`] = `"<span class="rounded-md font-medium inline-flex items-center text-xs px-2 py-1 bg-green-500 dark:bg-green-400 text-white dark:text-gray-900">Badge</span>"`;

exports[`Badge > renders with color white correctly 1`] = `"<span class="rounded-md font-medium inline-flex items-center text-xs px-2 py-1 ring-1 ring-inset ring-gray-300 dark:ring-gray-700 text-gray-900 dark:text-white bg-white dark:bg-gray-900">Badge</span>"`;

exports[`Badge > renders with default slot correctly 1`] = `"<span class="rounded-md font-medium inline-flex items-center text-xs px-2 py-1 bg-primary-500 dark:bg-primary-400 text-white dark:text-gray-900">Default slot</span>"`;

exports[`Badge > renders with label correctly 1`] = `"<span class="rounded-md font-medium inline-flex items-center text-xs px-2 py-1 bg-primary-500 dark:bg-primary-400 text-white dark:text-gray-900">Badge</span>"`;

exports[`Badge > renders with size correctly 1`] = `"<span class="rounded-md font-medium inline-flex items-center text-sm px-2.5 py-1.5 bg-primary-500 dark:bg-primary-400 text-white dark:text-gray-900">Badge</span>"`;

exports[`Badge > renders with variant link correctly 1`] = `"<span class="rounded-md font-medium inline-flex items-center text-xs px-2 py-1 bg-primary-50 dark:bg-primary-400/10 text-primary-500 dark:text-primary-400 ring-1 ring-inset ring-primary-500/25 dark:ring-primary-400/25">Badge</span>"`;

exports[`Badge > renders with variant outline correctly 1`] = `"<span class="rounded-md font-medium inline-flex items-center text-xs px-2 py-1 text-primary-500 dark:text-primary-400 ring-1 ring-inset ring-primary-500 dark:ring-primary-400">Badge</span>"`;

exports[`Badge > renders with variant soft correctly 1`] = `"<span class="rounded-md font-medium inline-flex items-center text-xs px-2 py-1 bg-primary-50 dark:bg-primary-400/10 text-primary-500 dark:text-primary-400">Badge</span>"`;
