// Vitest Snapshot v1, https://vitest.dev/guide/snapshot.html

exports[`Chip > renders basic case correctly 1`] = `"<div class="relative inline-flex items-center justify-center shrink-0"><span class="absolute rounded-full ring ring-white dark:ring-gray-900 flex items-center justify-center text-white dark:text-gray-900 font-medium whitespace-nowrap bg-primary-500 dark:bg-primary-400 h-2 min-w-[0.5rem] text-[7px] p-0.5 top-0 right-0 -translate-y-1/2 translate-x-1/2 transform"></span></div>"`;

exports[`Chip > renders with as correctly 1`] = `"<span class="relative inline-flex items-center justify-center shrink-0"><span class="absolute rounded-full ring ring-white dark:ring-gray-900 flex items-center justify-center text-white dark:text-gray-900 font-medium whitespace-nowrap bg-primary-500 dark:bg-primary-400 h-2 min-w-[0.5rem] text-[7px] p-0.5 top-0 right-0 -translate-y-1/2 translate-x-1/2 transform"></span></span>"`;

exports[`Chip > renders with class correctly 1`] = `"<div class="relative inline-flex items-center justify-center shrink-0 mx-auto"><span class="absolute rounded-full ring ring-white dark:ring-gray-900 flex items-center justify-center text-white dark:text-gray-900 font-medium whitespace-nowrap bg-primary-500 dark:bg-primary-400 h-2 min-w-[0.5rem] text-[7px] p-0.5 top-0 right-0 -translate-y-1/2 translate-x-1/2 transform"></span></div>"`;

exports[`Chip > renders with color black correctly 1`] = `"<div class="relative inline-flex items-center justify-center shrink-0"><span class="absolute rounded-full ring ring-white dark:ring-gray-900 flex items-center justify-center text-white dark:text-gray-900 font-medium whitespace-nowrap bg-gray-900 dark:bg-white h-2 min-w-[0.5rem] text-[7px] p-0.5 top-0 right-0 -translate-y-1/2 translate-x-1/2 transform"></span></div>"`;

exports[`Chip > renders with color gray correctly 1`] = `"<div class="relative inline-flex items-center justify-center shrink-0"><span class="absolute rounded-full ring ring-white dark:ring-gray-900 flex items-center justify-center text-white dark:text-gray-900 font-medium whitespace-nowrap bg-gray-500 dark:bg-gray-400 h-2 min-w-[0.5rem] text-[7px] p-0.5 top-0 right-0 -translate-y-1/2 translate-x-1/2 transform"></span></div>"`;

exports[`Chip > renders with color green correctly 1`] = `"<div class="relative inline-flex items-center justify-center shrink-0"><span class="absolute rounded-full ring ring-white dark:ring-gray-900 flex items-center justify-center text-white dark:text-gray-900 font-medium whitespace-nowrap bg-green-500 dark:bg-green-400 h-2 min-w-[0.5rem] text-[7px] p-0.5 top-0 right-0 -translate-y-1/2 translate-x-1/2 transform"></span></div>"`;

exports[`Chip > renders with color white correctly 1`] = `"<div class="relative inline-flex items-center justify-center shrink-0"><span class="absolute rounded-full ring ring-white dark:ring-gray-900 flex items-center justify-center text-white dark:text-gray-900 font-medium whitespace-nowrap bg-white dark:bg-gray-900 h-2 min-w-[0.5rem] text-[7px] p-0.5 top-0 right-0 -translate-y-1/2 translate-x-1/2 transform"></span></div>"`;

exports[`Chip > renders with content slot correctly 1`] = `"<div class="relative inline-flex items-center justify-center shrink-0"><span class="absolute rounded-full ring ring-white dark:ring-gray-900 flex items-center justify-center text-white dark:text-gray-900 font-medium whitespace-nowrap bg-primary-500 dark:bg-primary-400 h-2 min-w-[0.5rem] text-[7px] p-0.5 top-0 right-0 -translate-y-1/2 translate-x-1/2 transform">Content slot</span></div>"`;

exports[`Chip > renders with default slot correctly 1`] = `"<div class="relative inline-flex items-center justify-center shrink-0">Default slot<span class="absolute rounded-full ring ring-white dark:ring-gray-900 flex items-center justify-center text-white dark:text-gray-900 font-medium whitespace-nowrap bg-primary-500 dark:bg-primary-400 h-2 min-w-[0.5rem] text-[7px] p-0.5 top-0 right-0 -translate-y-1/2 translate-x-1/2 transform"></span></div>"`;

exports[`Chip > renders with inset correctly 1`] = `"<div class="relative inline-flex items-center justify-center shrink-0"><span class="absolute rounded-full ring ring-white dark:ring-gray-900 flex items-center justify-center text-white dark:text-gray-900 font-medium whitespace-nowrap bg-primary-500 dark:bg-primary-400 h-2 min-w-[0.5rem] text-[7px] p-0.5 top-0 right-0"></span></div>"`;

exports[`Chip > renders with position bottom-left correctly 1`] = `"<div class="relative inline-flex items-center justify-center shrink-0"><span class="absolute rounded-full ring ring-white dark:ring-gray-900 flex items-center justify-center text-white dark:text-gray-900 font-medium whitespace-nowrap bg-primary-500 dark:bg-primary-400 h-2 min-w-[0.5rem] text-[7px] p-0.5 bottom-0 left-0 translate-y-1/2 -translate-x-1/2 transform"></span></div>"`;

exports[`Chip > renders with position bottom-right correctly 1`] = `"<div class="relative inline-flex items-center justify-center shrink-0"><span class="absolute rounded-full ring ring-white dark:ring-gray-900 flex items-center justify-center text-white dark:text-gray-900 font-medium whitespace-nowrap bg-primary-500 dark:bg-primary-400 h-2 min-w-[0.5rem] text-[7px] p-0.5 bottom-0 right-0 translate-y-1/2 translate-x-1/2 transform"></span></div>"`;

exports[`Chip > renders with position top-left correctly 1`] = `"<div class="relative inline-flex items-center justify-center shrink-0"><span class="absolute rounded-full ring ring-white dark:ring-gray-900 flex items-center justify-center text-white dark:text-gray-900 font-medium whitespace-nowrap bg-primary-500 dark:bg-primary-400 h-2 min-w-[0.5rem] text-[7px] p-0.5 top-0 left-0 -translate-y-1/2 -translate-x-1/2 transform"></span></div>"`;

exports[`Chip > renders with position top-right correctly 1`] = `"<div class="relative inline-flex items-center justify-center shrink-0"><span class="absolute rounded-full ring ring-white dark:ring-gray-900 flex items-center justify-center text-white dark:text-gray-900 font-medium whitespace-nowrap bg-primary-500 dark:bg-primary-400 h-2 min-w-[0.5rem] text-[7px] p-0.5 top-0 right-0 -translate-y-1/2 translate-x-1/2 transform"></span></div>"`;

exports[`Chip > renders with show correctly 1`] = `"<div class="relative inline-flex items-center justify-center shrink-0"><span class="absolute rounded-full ring ring-white dark:ring-gray-900 flex items-center justify-center text-white dark:text-gray-900 font-medium whitespace-nowrap bg-primary-500 dark:bg-primary-400 h-2 min-w-[0.5rem] text-[7px] p-0.5 top-0 right-0 -translate-y-1/2 translate-x-1/2 transform"></span></div>"`;

exports[`Chip > renders with size 2xl correctly 1`] = `"<div class="relative inline-flex items-center justify-center shrink-0"><span class="absolute rounded-full ring ring-white dark:ring-gray-900 flex items-center justify-center text-white dark:text-gray-900 font-medium whitespace-nowrap bg-primary-500 dark:bg-primary-400 h-4 min-w-[1rem] text-[12px] p-1 top-0 right-0 -translate-y-1/2 translate-x-1/2 transform"></span></div>"`;

exports[`Chip > renders with size 2xs correctly 1`] = `"<div class="relative inline-flex items-center justify-center shrink-0"><span class="absolute rounded-full ring ring-white dark:ring-gray-900 flex items-center justify-center text-white dark:text-gray-900 font-medium whitespace-nowrap bg-primary-500 dark:bg-primary-400 h-[5px] min-w-[5px] text-[5px] p-px top-0 right-0 -translate-y-1/2 translate-x-1/2 transform"></span></div>"`;

exports[`Chip > renders with size 3xl correctly 1`] = `"<div class="relative inline-flex items-center justify-center shrink-0"><span class="absolute rounded-full ring ring-white dark:ring-gray-900 flex items-center justify-center text-white dark:text-gray-900 font-medium whitespace-nowrap bg-primary-500 dark:bg-primary-400 h-5 min-w-[1.25rem] text-[14px] p-1 top-0 right-0 -translate-y-1/2 translate-x-1/2 transform"></span></div>"`;

exports[`Chip > renders with size 3xs correctly 1`] = `"<div class="relative inline-flex items-center justify-center shrink-0"><span class="absolute rounded-full ring ring-white dark:ring-gray-900 flex items-center justify-center text-white dark:text-gray-900 font-medium whitespace-nowrap bg-primary-500 dark:bg-primary-400 h-[4px] min-w-[4px] text-[4px] p-px top-0 right-0 -translate-y-1/2 translate-x-1/2 transform"></span></div>"`;

exports[`Chip > renders with size lg correctly 1`] = `"<div class="relative inline-flex items-center justify-center shrink-0"><span class="absolute rounded-full ring ring-white dark:ring-gray-900 flex items-center justify-center text-white dark:text-gray-900 font-medium whitespace-nowrap bg-primary-500 dark:bg-primary-400 h-3 min-w-[0.75rem] text-[10px] p-0.5 top-0 right-0 -translate-y-1/2 translate-x-1/2 transform"></span></div>"`;

exports[`Chip > renders with size md correctly 1`] = `"<div class="relative inline-flex items-center justify-center shrink-0"><span class="absolute rounded-full ring ring-white dark:ring-gray-900 flex items-center justify-center text-white dark:text-gray-900 font-medium whitespace-nowrap bg-primary-500 dark:bg-primary-400 h-2.5 min-w-[0.625rem] text-[8px] p-0.5 top-0 right-0 -translate-y-1/2 translate-x-1/2 transform"></span></div>"`;

exports[`Chip > renders with size sm correctly 1`] = `"<div class="relative inline-flex items-center justify-center shrink-0"><span class="absolute rounded-full ring ring-white dark:ring-gray-900 flex items-center justify-center text-white dark:text-gray-900 font-medium whitespace-nowrap bg-primary-500 dark:bg-primary-400 h-2 min-w-[0.5rem] text-[7px] p-0.5 top-0 right-0 -translate-y-1/2 translate-x-1/2 transform"></span></div>"`;

exports[`Chip > renders with size xl correctly 1`] = `"<div class="relative inline-flex items-center justify-center shrink-0"><span class="absolute rounded-full ring ring-white dark:ring-gray-900 flex items-center justify-center text-white dark:text-gray-900 font-medium whitespace-nowrap bg-primary-500 dark:bg-primary-400 h-3.5 min-w-[0.875rem] text-[11px] p-1 top-0 right-0 -translate-y-1/2 translate-x-1/2 transform"></span></div>"`;

exports[`Chip > renders with size xs correctly 1`] = `"<div class="relative inline-flex items-center justify-center shrink-0"><span class="absolute rounded-full ring ring-white dark:ring-gray-900 flex items-center justify-center text-white dark:text-gray-900 font-medium whitespace-nowrap bg-primary-500 dark:bg-primary-400 h-1.5 min-w-[0.375rem] text-[6px] p-px top-0 right-0 -translate-y-1/2 translate-x-1/2 transform"></span></div>"`;

exports[`Chip > renders with ui correctly 1`] = `"<div class="relative inline-flex items-center justify-center shrink-0"><span class="absolute rounded-full ring ring-white dark:ring-gray-900 flex items-center justify-center text-white dark:text-gray-900 font-medium whitespace-nowrap bg-primary-500 dark:bg-primary-400 h-2 min-w-[0.5rem] text-[7px] p-0.5 top-0 right-0 -translate-y-1/2 translate-x-1/2 transform"></span></div>"`;
