// Vitest Snapshot v1, https://vitest.dev/guide/snapshot.html

exports[`Input > renders basic case correctly 1`] = `
"<div class="relative"><input type="text" class="relative block w-full disabled:cursor-not-allowed disabled:opacity-75 focus:outline-none border-0 rounded-md placeholder-gray-400 dark:placeholder-gray-500 text-sm gap-x-1.5 px-2.5 py-1.5 shadow-sm bg-white dark:bg-gray-900 text-gray-900 dark:text-white ring ring-inset ring-gray-300 dark:ring-gray-700 focus:ring-2 focus:ring-primary-500 dark:focus:ring-primary-400">
  <!--v-if-->
  <!--v-if-->
</div>"
`;

exports[`Input > renders with color correctly 1`] = `
"<div class="relative"><input type="text" class="relative block w-full disabled:cursor-not-allowed disabled:opacity-75 focus:outline-none border-0 rounded-md placeholder-gray-400 dark:placeholder-gray-500 text-sm gap-x-1.5 px-2.5 py-1.5 shadow-sm bg-transparent text-gray-900 dark:text-white ring ring-inset ring-red-500 dark:ring-red-400 focus:ring-2 focus:ring-red-500 dark:focus:ring-red-400">
  <!--v-if-->
  <!--v-if-->
</div>"
`;

exports[`Input > renders with disabled correctly 1`] = `
"<div class="relative"><input type="text" class="relative block w-full disabled:cursor-not-allowed disabled:opacity-75 focus:outline-none border-0 rounded-md placeholder-gray-400 dark:placeholder-gray-500 text-sm gap-x-1.5 px-2.5 py-1.5 shadow-sm bg-white dark:bg-gray-900 text-gray-900 dark:text-white ring ring-inset ring-gray-300 dark:ring-gray-700 focus:ring-2 focus:ring-primary-500 dark:focus:ring-primary-400" disabled="">
  <!--v-if-->
  <!--v-if-->
</div>"
`;

exports[`Input > renders with icon correctly 1`] = `
"<div class="relative"><input type="text" class="relative block w-full disabled:cursor-not-allowed disabled:opacity-75 focus:outline-none border-0 rounded-md placeholder-gray-400 dark:placeholder-gray-500 text-sm gap-x-1.5 px-2.5 py-1.5 shadow-sm bg-white dark:bg-gray-900 text-gray-900 dark:text-white ring ring-inset ring-gray-300 dark:ring-gray-700 focus:ring-2 focus:ring-primary-500 dark:focus:ring-primary-400 ps-9"><span class="absolute inset-y-0 start-0 flex items-center px-2.5"><svg data-v-0eed249c="" xmlns="http://www.w3.org/2000/svg" xmlns:xlink="http://www.w3.org/1999/xlink" aria-hidden="true" role="img" class="icon shrink-0 text-gray-400 dark:text-gray-500 size-5" width="1em" height="1em" viewBox="0 0 24 24"><path fill="none" stroke="currentColor" stroke-linecap="round" stroke-linejoin="round" stroke-width="1.5" d="m21 21l-5.197-5.197m0 0A7.5 7.5 0 1 0 5.196 5.196a7.5 7.5 0 0 0 10.607 10.607"></path></svg></span>
  <!--v-if-->
</div>"
`;

exports[`Input > renders with leading and icon correctly 1`] = `
"<div class="relative"><input type="text" class="relative block w-full disabled:cursor-not-allowed disabled:opacity-75 focus:outline-none border-0 rounded-md placeholder-gray-400 dark:placeholder-gray-500 text-sm gap-x-1.5 px-2.5 py-1.5 shadow-sm bg-white dark:bg-gray-900 text-gray-900 dark:text-white ring ring-inset ring-gray-300 dark:ring-gray-700 focus:ring-2 focus:ring-primary-500 dark:focus:ring-primary-400 ps-9"><span class="absolute inset-y-0 start-0 flex items-center px-2.5"><svg data-v-0eed249c="" xmlns="http://www.w3.org/2000/svg" xmlns:xlink="http://www.w3.org/1999/xlink" aria-hidden="true" role="img" class="icon shrink-0 text-gray-400 dark:text-gray-500 size-5" width="1em" height="1em" viewBox="0 0 24 24"><path fill="none" stroke="currentColor" stroke-linecap="round" stroke-linejoin="round" stroke-width="1.5" d="m21 21l-5.197-5.197m0 0A7.5 7.5 0 1 0 5.196 5.196a7.5 7.5 0 0 0 10.607 10.607"></path></svg></span>
  <!--v-if-->
</div>"
`;

exports[`Input > renders with leading slot correctly 1`] = `
"<div class="relative"><input type="text" class="relative block w-full disabled:cursor-not-allowed disabled:opacity-75 focus:outline-none border-0 rounded-md placeholder-gray-400 dark:placeholder-gray-500 text-sm gap-x-1.5 px-2.5 py-1.5 shadow-sm bg-white dark:bg-gray-900 text-gray-900 dark:text-white ring ring-inset ring-gray-300 dark:ring-gray-700 focus:ring-2 focus:ring-primary-500 dark:focus:ring-primary-400"><span class="absolute inset-y-0 start-0 flex items-center px-2.5">leading slot</span>
  <!--v-if-->
</div>"
`;

exports[`Input > renders with leadingIcon correctly 1`] = `
"<div class="relative"><input type="text" class="relative block w-full disabled:cursor-not-allowed disabled:opacity-75 focus:outline-none border-0 rounded-md placeholder-gray-400 dark:placeholder-gray-500 text-sm gap-x-1.5 px-2.5 py-1.5 shadow-sm bg-white dark:bg-gray-900 text-gray-900 dark:text-white ring ring-inset ring-gray-300 dark:ring-gray-700 focus:ring-2 focus:ring-primary-500 dark:focus:ring-primary-400 ps-9"><span class="absolute inset-y-0 start-0 flex items-center px-2.5"><svg data-v-0eed249c="" xmlns="http://www.w3.org/2000/svg" xmlns:xlink="http://www.w3.org/1999/xlink" aria-hidden="true" role="img" class="icon shrink-0 text-gray-400 dark:text-gray-500 size-5" width="1em" height="1em" viewBox="0 0 24 24"><path fill="none" stroke="currentColor" stroke-linecap="round" stroke-linejoin="round" stroke-width="1.5" d="m21 21l-5.197-5.197m0 0A7.5 7.5 0 1 0 5.196 5.196a7.5 7.5 0 0 0 10.607 10.607"></path></svg></span>
  <!--v-if-->
</div>"
`;

exports[`Input > renders with loading icon correctly 1`] = `
"<div class="relative"><input type="text" class="relative block w-full disabled:cursor-not-allowed disabled:opacity-75 focus:outline-none border-0 rounded-md placeholder-gray-400 dark:placeholder-gray-500 text-sm gap-x-1.5 px-2.5 py-1.5 shadow-sm bg-white dark:bg-gray-900 text-gray-900 dark:text-white ring ring-inset ring-gray-300 dark:ring-gray-700 focus:ring-2 focus:ring-primary-500 dark:focus:ring-primary-400 ps-9"><span class="absolute inset-y-0 start-0 flex items-center px-2.5"><svg data-v-0eed249c="" xmlns="http://www.w3.org/2000/svg" xmlns:xlink="http://www.w3.org/1999/xlink" aria-hidden="true" role="img" class="icon shrink-0 text-gray-400 dark:text-gray-500 size-5 animate-spin" width="1em" height="1em" viewBox="0 0 20 20"><path fill="currentColor" fill-rule="evenodd" d="M15.312 11.424a5.5 5.5 0 0 1-9.201 2.466l-.312-.311h2.433a.75.75 0 0 0 0-1.5H3.989a.75.75 0 0 0-.75.75v4.242a.75.75 0 0 0 1.5 0v-2.43l.31.31a7 7 0 0 0 11.712-3.138a.75.75 0 0 0-1.449-.39m1.23-3.723a.75.75 0 0 0 .219-.53V2.929a.75.75 0 0 0-1.5 0V5.36l-.31-.31A7 7 0 0 0 3.239 8.188a.75.75 0 1 0 1.448.389A5.5 5.5 0 0 1 13.89 6.11l.311.31h-2.432a.75.75 0 0 0 0 1.5h4.243a.75.75 0 0 0 .53-.219" clip-rule="evenodd"></path></svg></span>
  <!--v-if-->
</div>"
`;

exports[`Input > renders with name correctly 1`] = `
"<div class="relative"><input type="text" name="username" class="relative block w-full disabled:cursor-not-allowed disabled:opacity-75 focus:outline-none border-0 rounded-md placeholder-gray-400 dark:placeholder-gray-500 text-sm gap-x-1.5 px-2.5 py-1.5 shadow-sm bg-white dark:bg-gray-900 text-gray-900 dark:text-white ring ring-inset ring-gray-300 dark:ring-gray-700 focus:ring-2 focus:ring-primary-500 dark:focus:ring-primary-400">
  <!--v-if-->
  <!--v-if-->
</div>"
`;

exports[`Input > renders with placeholder correctly 1`] = `
"<div class="relative"><input type="text" placeholder="Enter your username" class="relative block w-full disabled:cursor-not-allowed disabled:opacity-75 focus:outline-none border-0 rounded-md placeholder-gray-400 dark:placeholder-gray-500 text-sm gap-x-1.5 px-2.5 py-1.5 shadow-sm bg-white dark:bg-gray-900 text-gray-900 dark:text-white ring ring-inset ring-gray-300 dark:ring-gray-700 focus:ring-2 focus:ring-primary-500 dark:focus:ring-primary-400">
  <!--v-if-->
  <!--v-if-->
</div>"
`;

exports[`Input > renders with required correctly 1`] = `
"<div class="relative"><input type="text" class="relative block w-full disabled:cursor-not-allowed disabled:opacity-75 focus:outline-none border-0 rounded-md placeholder-gray-400 dark:placeholder-gray-500 text-sm gap-x-1.5 px-2.5 py-1.5 shadow-sm bg-white dark:bg-gray-900 text-gray-900 dark:text-white ring ring-inset ring-gray-300 dark:ring-gray-700 focus:ring-2 focus:ring-primary-500 dark:focus:ring-primary-400">
  <!--v-if-->
  <!--v-if-->
</div>"
`;

exports[`Input > renders with size correctly 1`] = `
"<div class="relative"><input type="text" class="relative block w-full disabled:cursor-not-allowed disabled:opacity-75 focus:outline-none border-0 rounded-md placeholder-gray-400 dark:placeholder-gray-500 text-sm gap-x-1.5 px-2.5 py-1.5 shadow-sm bg-white dark:bg-gray-900 text-gray-900 dark:text-white ring ring-inset ring-gray-300 dark:ring-gray-700 focus:ring-2 focus:ring-primary-500 dark:focus:ring-primary-400">
  <!--v-if-->
  <!--v-if-->
</div>"
`;

exports[`Input > renders with trailing and icon correctly 1`] = `
"<div class="relative"><input type="text" class="relative block w-full disabled:cursor-not-allowed disabled:opacity-75 focus:outline-none border-0 rounded-md placeholder-gray-400 dark:placeholder-gray-500 text-sm gap-x-1.5 px-2.5 py-1.5 shadow-sm bg-white dark:bg-gray-900 text-gray-900 dark:text-white ring ring-inset ring-gray-300 dark:ring-gray-700 focus:ring-2 focus:ring-primary-500 dark:focus:ring-primary-400 pe-9">
  <!--v-if--><span class="absolute inset-y-0 end-0 flex items-center px-2.5"><svg data-v-0eed249c="" xmlns="http://www.w3.org/2000/svg" xmlns:xlink="http://www.w3.org/1999/xlink" aria-hidden="true" role="img" class="icon shrink-0 text-gray-400 dark:text-gray-500 size-5" width="1em" height="1em" viewBox="0 0 24 24"><path fill="none" stroke="currentColor" stroke-linecap="round" stroke-linejoin="round" stroke-width="1.5" d="m21 21l-5.197-5.197m0 0A7.5 7.5 0 1 0 5.196 5.196a7.5 7.5 0 0 0 10.607 10.607"></path></svg></span>
</div>"
`;

exports[`Input > renders with trailing slot correctly 1`] = `
"<div class="relative"><input type="text" class="relative block w-full disabled:cursor-not-allowed disabled:opacity-75 focus:outline-none border-0 rounded-md placeholder-gray-400 dark:placeholder-gray-500 text-sm gap-x-1.5 px-2.5 py-1.5 shadow-sm bg-white dark:bg-gray-900 text-gray-900 dark:text-white ring ring-inset ring-gray-300 dark:ring-gray-700 focus:ring-2 focus:ring-primary-500 dark:focus:ring-primary-400"><span class="absolute inset-y-0 start-0 flex items-center px-2.5">trailing slot</span>
  <!--v-if-->
</div>"
`;

exports[`Input > renders with trailingIcon correctly 1`] = `
"<div class="relative"><input type="text" class="relative block w-full disabled:cursor-not-allowed disabled:opacity-75 focus:outline-none border-0 rounded-md placeholder-gray-400 dark:placeholder-gray-500 text-sm gap-x-1.5 px-2.5 py-1.5 shadow-sm bg-white dark:bg-gray-900 text-gray-900 dark:text-white ring ring-inset ring-gray-300 dark:ring-gray-700 focus:ring-2 focus:ring-primary-500 dark:focus:ring-primary-400 pe-9">
  <!--v-if--><span class="absolute inset-y-0 end-0 flex items-center px-2.5"><svg data-v-0eed249c="" xmlns="http://www.w3.org/2000/svg" xmlns:xlink="http://www.w3.org/1999/xlink" aria-hidden="true" role="img" class="icon shrink-0 text-gray-400 dark:text-gray-500 size-5" width="1em" height="1em" viewBox="0 0 24 24"><path fill="none" stroke="currentColor" stroke-linecap="round" stroke-linejoin="round" stroke-width="1.5" d="m21 21l-5.197-5.197m0 0A7.5 7.5 0 1 0 5.196 5.196a7.5 7.5 0 0 0 10.607 10.607"></path></svg></span>
</div>"
`;

exports[`Input > renders with type correctly 1`] = `
"<div class="relative"><input type="password" class="relative block w-full disabled:cursor-not-allowed disabled:opacity-75 focus:outline-none border-0 rounded-md placeholder-gray-400 dark:placeholder-gray-500 text-sm gap-x-1.5 px-2.5 py-1.5 shadow-sm bg-white dark:bg-gray-900 text-gray-900 dark:text-white ring ring-inset ring-gray-300 dark:ring-gray-700 focus:ring-2 focus:ring-primary-500 dark:focus:ring-primary-400">
  <!--v-if-->
  <!--v-if-->
</div>"
`;

exports[`Input > renders with variant correctly 1`] = `
"<div class="relative"><input type="text" class="relative block w-full disabled:cursor-not-allowed disabled:opacity-75 focus:outline-none border-0 rounded-md placeholder-gray-400 dark:placeholder-gray-500 text-sm gap-x-1.5 px-2.5 py-1.5 shadow-sm bg-white dark:bg-gray-900 text-gray-900 dark:text-white ring ring-inset ring-gray-300 dark:ring-gray-700 focus:ring-2 focus:ring-primary-500 dark:focus:ring-primary-400">
  <!--v-if-->
  <!--v-if-->
</div>"
`;
