// Vitest Snapshot v1, https://vitest.dev/guide/snapshot.html

exports[`NavigationMenu > renders basic case correctly 1`] = `
"<nav aria-label="Main" data-orientation="horizontal" dir="ltr" class="relative w-full flex items-center justify-between">
  <div style="position: relative;">
    <ul class="flex items-center min-w-0" data-orientation="horizontal">
      <li data-menu-item="" class="min-w-0"><button class="group relative w-full flex items-center gap-1.5 rounded-md font-medium text-sm before:absolute before:rounded-md focus:outline-none focus-visible:outline-none dark:focus-visible:outline-none focus-visible:ring-inset focus-visible:ring-2 focus-visible:ring-primary-500 dark:focus-visible:ring-primary-400 disabled:cursor-not-allowed disabled:opacity-75 px-2.5 py-3.5 before:inset-x-0 before:inset-y-2 hover:before:bg-gray-50 dark:hover:before:bg-gray-800/50 after:absolute after:bottom-0 after:inset-x-2.5 after:block after:h-[2px] after:mt-2 after:rounded-full" data-radix-vue-collection-item=""><span class="inline-flex items-center justify-center select-none overflow-hidden rounded-full align-middle bg-gray-100 dark:bg-gray-800 size-5 text-[10px] shrink-0 relative"><!----><span class="font-medium leading-none text-gray-500 dark:text-gray-400 truncate"></span></span>
          <!--v-if--><span class="truncate relative">Profile</span><span class="font-medium inline-flex items-center text-xs px-1.5 py-0.5 ring ring-inset ring-gray-300 dark:ring-gray-700 text-gray-700 dark:text-gray-200 bg-gray-50 dark:bg-gray-800 shrink-0 ms-auto relative rounded">100</span>
        </button></li>
      <li data-menu-item="" class="min-w-0"><a href="/modal" class="group relative w-full flex items-center gap-1.5 rounded-md font-medium text-sm before:absolute before:rounded-md focus:outline-none focus-visible:outline-none dark:focus-visible:outline-none focus-visible:ring-inset focus-visible:ring-2 focus-visible:ring-primary-500 dark:focus-visible:ring-primary-400 disabled:cursor-not-allowed disabled:opacity-75 px-2.5 py-3.5 before:inset-x-0 before:inset-y-2 hover:before:bg-gray-50 dark:hover:before:bg-gray-800/50 after:absolute after:bottom-0 after:inset-x-2.5 after:block after:h-[2px] after:mt-2 after:rounded-full" data-radix-vue-collection-item="">
          <!--v-if--><svg data-v-0eed249c="" xmlns="http://www.w3.org/2000/svg" xmlns:xlink="http://www.w3.org/1999/xlink" aria-hidden="true" role="img" class="icon shrink-0 w-5 h-5 relative text-gray-400 dark:text-gray-500 group-hover:text-gray-700 dark:group-hover:text-gray-200" width="1em" height="1em" viewBox="0 0 24 24">
            <path fill="none" stroke="currentColor" stroke-linecap="round" stroke-linejoin="round" stroke-width="1.5" d="m2.25 12l8.955-8.955a1.124 1.124 0 0 1 1.59 0L21.75 12M4.5 9.75v10.125c0 .621.504 1.125 1.125 1.125H9.75v-4.875c0-.621.504-1.125 1.125-1.125h2.25c.621 0 1.125.504 1.125 1.125V21h4.125c.621 0 1.125-.504 1.125-1.125V9.75M8.25 21h8.25"></path>
          </svg><span class="truncate relative">Modal</span>
          <!--v-if-->
        </a></li>
      <li data-menu-item="" class="min-w-0"><a href="/navigation-menu" class="group relative w-full flex items-center gap-1.5 rounded-md font-medium text-sm before:absolute before:rounded-md focus:outline-none focus-visible:outline-none dark:focus-visible:outline-none focus-visible:ring-inset focus-visible:ring-2 focus-visible:ring-primary-500 dark:focus-visible:ring-primary-400 disabled:cursor-not-allowed disabled:opacity-75 px-2.5 py-3.5 before:inset-x-0 before:inset-y-2 hover:before:bg-gray-50 dark:hover:before:bg-gray-800/50 after:absolute after:bottom-0 after:inset-x-2.5 after:block after:h-[2px] after:mt-2 after:rounded-full" data-radix-vue-collection-item="">
          <!--v-if--><svg data-v-0eed249c="" xmlns="http://www.w3.org/2000/svg" xmlns:xlink="http://www.w3.org/1999/xlink" aria-hidden="true" role="img" class="icon shrink-0 w-5 h-5 relative text-gray-400 dark:text-gray-500 group-hover:text-gray-700 dark:group-hover:text-gray-200" width="1em" height="1em" viewBox="0 0 24 24">
            <path fill="none" stroke="currentColor" stroke-linecap="round" stroke-linejoin="round" stroke-width="1.5" d="M3 13.125C3 12.504 3.504 12 4.125 12h2.25c.621 0 1.125.504 1.125 1.125v6.75C7.5 20.496 6.996 21 6.375 21h-2.25A1.125 1.125 0 0 1 3 19.875zm6.75-4.5c0-.621.504-1.125 1.125-1.125h2.25c.621 0 1.125.504 1.125 1.125v11.25c0 .621-.504 1.125-1.125 1.125h-2.25a1.125 1.125 0 0 1-1.125-1.125zm6.75-4.5c0-.621.504-1.125 1.125-1.125h2.25C20.496 3 21 3.504 21 4.125v15.75c0 .621-.504 1.125-1.125 1.125h-2.25a1.125 1.125 0 0 1-1.125-1.125z"></path>
          </svg><span class="truncate relative">NavigationMenu</span>
          <!--v-if-->
        </a></li>
      <li data-menu-item="" class="min-w-0"><a href="/popover" class="group relative w-full flex items-center gap-1.5 rounded-md font-medium text-sm before:absolute before:rounded-md focus:outline-none focus-visible:outline-none dark:focus-visible:outline-none focus-visible:ring-inset focus-visible:ring-2 focus-visible:ring-primary-500 dark:focus-visible:ring-primary-400 disabled:cursor-not-allowed disabled:opacity-75 px-2.5 py-3.5 before:inset-x-0 before:inset-y-2 hover:before:bg-gray-50 dark:hover:before:bg-gray-800/50 after:absolute after:bottom-0 after:inset-x-2.5 after:block after:h-[2px] after:mt-2 after:rounded-full" data-radix-vue-collection-item="">
          <!--v-if--><svg data-v-0eed249c="" xmlns="http://www.w3.org/2000/svg" xmlns:xlink="http://www.w3.org/1999/xlink" aria-hidden="true" role="img" class="icon shrink-0 w-5 h-5 relative text-gray-400 dark:text-gray-500 group-hover:text-gray-700 dark:group-hover:text-gray-200" width="1em" height="1em" viewBox="0 0 24 24">
            <path fill="none" stroke="currentColor" stroke-linecap="round" stroke-linejoin="round" stroke-width="1.5" d="m6.75 7.5l3 2.25l-3 2.25m4.5 0h3m-9 8.25h13.5A2.25 2.25 0 0 0 21 18V6a2.25 2.25 0 0 0-2.25-2.25H5.25A2.25 2.25 0 0 0 3 6v12a2.25 2.25 0 0 0 2.25 2.25"></path>
          </svg><span class="truncate relative">Popover</span>
          <!--v-if-->
        </a></li>
    </ul>
  </div>
  <div style="position: relative;">
    <ul class="flex items-center min-w-0" data-orientation="horizontal">
      <li data-menu-item="" class="min-w-0"><a href="https://ui.nuxt.com" rel="noopener noreferrer" target="_blank" class="group relative w-full flex items-center gap-1.5 rounded-md font-medium text-sm before:absolute before:rounded-md focus:outline-none focus-visible:outline-none dark:focus-visible:outline-none focus-visible:ring-inset focus-visible:ring-2 focus-visible:ring-primary-500 dark:focus-visible:ring-primary-400 disabled:cursor-not-allowed disabled:opacity-75 px-2.5 py-3.5 before:inset-x-0 before:inset-y-2 hover:before:bg-gray-50 dark:hover:before:bg-gray-800/50 after:absolute after:bottom-0 after:inset-x-2.5 after:block after:h-[2px] after:mt-2 after:rounded-full" data-radix-vue-collection-item="">
          <!--v-if--><svg data-v-0eed249c="" xmlns="http://www.w3.org/2000/svg" xmlns:xlink="http://www.w3.org/1999/xlink" aria-hidden="true" role="img" class="icon shrink-0 w-5 h-5 relative text-gray-400 dark:text-gray-500 group-hover:text-gray-700 dark:group-hover:text-gray-200" width="1em" height="1em" viewBox="0 0 24 24">
            <path fill="none" stroke="currentColor" stroke-linecap="round" stroke-linejoin="round" stroke-width="1.5" d="M12 18v-5.25m0 0a6.01 6.01 0 0 0 1.5-.189m-1.5.189a6.01 6.01 0 0 1-1.5-.189m3.75 7.478a12.06 12.06 0 0 1-4.5 0m3.75 2.383a14.406 14.406 0 0 1-3 0M14.25 18v-.192c0-.983.658-1.823 1.508-2.316a7.5 7.5 0 1 0-7.517 0c.85.493 1.509 1.333 1.509 2.316V18"></path>
          </svg><span class="truncate relative">Examples</span>
          <!--v-if-->
        </a></li>
      <li data-menu-item="" class="min-w-0"><button class="group relative w-full flex items-center gap-1.5 rounded-md font-medium text-sm before:absolute before:rounded-md focus:outline-none focus-visible:outline-none dark:focus-visible:outline-none focus-visible:ring-inset focus-visible:ring-2 focus-visible:ring-primary-500 dark:focus-visible:ring-primary-400 disabled:cursor-not-allowed disabled:opacity-75 px-2.5 py-3.5 before:inset-x-0 before:inset-y-2 hover:before:bg-gray-50 dark:hover:before:bg-gray-800/50 after:absolute after:bottom-0 after:inset-x-2.5 after:block after:h-[2px] after:mt-2 after:rounded-full" data-radix-vue-collection-item="">
          <!--v-if--><svg data-v-0eed249c="" xmlns="http://www.w3.org/2000/svg" xmlns:xlink="http://www.w3.org/1999/xlink" aria-hidden="true" role="img" class="icon shrink-0 w-5 h-5 relative text-gray-400 dark:text-gray-500 group-hover:text-gray-700 dark:group-hover:text-gray-200" width="1em" height="1em" viewBox="0 0 24 24">
            <path fill="none" stroke="currentColor" stroke-linecap="round" stroke-linejoin="round" stroke-width="1.5" d="M9.879 7.519c1.172-1.025 3.071-1.025 4.243 0c1.171 1.025 1.171 2.687 0 3.712a2.98 2.98 0 0 1-.67.442c-.746.361-1.452.999-1.452 1.827v.75M21 12a9 9 0 1 1-18 0a9 9 0 0 1 18 0m-9 5.25h.008v.008H12z"></path>
          </svg><span class="truncate relative">Help</span>
          <!--v-if-->
        </button></li>
    </ul>
  </div>
</nav>"
`;

exports[`NavigationMenu > renders with vertical orientation correctly 1`] = `
"<nav aria-label="Main" data-orientation="vertical" dir="ltr" class="relative space-y-2 divide-y divide-gray-200 dark:divide-gray-800">
  <div style="position: relative;">
    <ul class="" data-orientation="vertical">
      <li data-menu-item="" class=""><button class="group relative w-full flex items-center gap-1.5 rounded-md font-medium text-sm before:absolute before:rounded-md focus:outline-none focus-visible:outline-none dark:focus-visible:outline-none focus-visible:ring-inset focus-visible:ring-2 focus-visible:ring-primary-500 dark:focus-visible:ring-primary-400 disabled:cursor-not-allowed disabled:opacity-75 px-2.5 py-1.5 before:inset-px" data-radix-vue-collection-item=""><span class="inline-flex items-center justify-center select-none overflow-hidden rounded-full align-middle bg-gray-100 dark:bg-gray-800 size-5 text-[10px] shrink-0 relative"><!----><span class="font-medium leading-none text-gray-500 dark:text-gray-400 truncate"></span></span>
          <!--v-if--><span class="truncate relative">Profile</span><span class="font-medium inline-flex items-center text-xs px-1.5 py-0.5 ring ring-inset ring-gray-300 dark:ring-gray-700 text-gray-700 dark:text-gray-200 bg-gray-50 dark:bg-gray-800 shrink-0 ms-auto relative rounded">100</span>
        </button></li>
      <li data-menu-item="" class=""><a href="/modal" class="group relative w-full flex items-center gap-1.5 rounded-md font-medium text-sm before:absolute before:rounded-md focus:outline-none focus-visible:outline-none dark:focus-visible:outline-none focus-visible:ring-inset focus-visible:ring-2 focus-visible:ring-primary-500 dark:focus-visible:ring-primary-400 disabled:cursor-not-allowed disabled:opacity-75 px-2.5 py-1.5 before:inset-px" data-radix-vue-collection-item="">
          <!--v-if--><svg data-v-0eed249c="" xmlns="http://www.w3.org/2000/svg" xmlns:xlink="http://www.w3.org/1999/xlink" aria-hidden="true" role="img" class="icon shrink-0 w-5 h-5 relative text-gray-400 dark:text-gray-500 group-hover:text-gray-700 dark:group-hover:text-gray-200" width="1em" height="1em" viewBox="0 0 24 24">
            <path fill="none" stroke="currentColor" stroke-linecap="round" stroke-linejoin="round" stroke-width="1.5" d="m2.25 12l8.955-8.955a1.124 1.124 0 0 1 1.59 0L21.75 12M4.5 9.75v10.125c0 .621.504 1.125 1.125 1.125H9.75v-4.875c0-.621.504-1.125 1.125-1.125h2.25c.621 0 1.125.504 1.125 1.125V21h4.125c.621 0 1.125-.504 1.125-1.125V9.75M8.25 21h8.25"></path>
          </svg><span class="truncate relative">Modal</span>
          <!--v-if-->
        </a></li>
      <li data-menu-item="" class=""><a href="/navigation-menu" class="group relative w-full flex items-center gap-1.5 rounded-md font-medium text-sm before:absolute before:rounded-md focus:outline-none focus-visible:outline-none dark:focus-visible:outline-none focus-visible:ring-inset focus-visible:ring-2 focus-visible:ring-primary-500 dark:focus-visible:ring-primary-400 disabled:cursor-not-allowed disabled:opacity-75 px-2.5 py-1.5 before:inset-px" data-radix-vue-collection-item="">
          <!--v-if--><svg data-v-0eed249c="" xmlns="http://www.w3.org/2000/svg" xmlns:xlink="http://www.w3.org/1999/xlink" aria-hidden="true" role="img" class="icon shrink-0 w-5 h-5 relative text-gray-400 dark:text-gray-500 group-hover:text-gray-700 dark:group-hover:text-gray-200" width="1em" height="1em" viewBox="0 0 24 24">
            <path fill="none" stroke="currentColor" stroke-linecap="round" stroke-linejoin="round" stroke-width="1.5" d="M3 13.125C3 12.504 3.504 12 4.125 12h2.25c.621 0 1.125.504 1.125 1.125v6.75C7.5 20.496 6.996 21 6.375 21h-2.25A1.125 1.125 0 0 1 3 19.875zm6.75-4.5c0-.621.504-1.125 1.125-1.125h2.25c.621 0 1.125.504 1.125 1.125v11.25c0 .621-.504 1.125-1.125 1.125h-2.25a1.125 1.125 0 0 1-1.125-1.125zm6.75-4.5c0-.621.504-1.125 1.125-1.125h2.25C20.496 3 21 3.504 21 4.125v15.75c0 .621-.504 1.125-1.125 1.125h-2.25a1.125 1.125 0 0 1-1.125-1.125z"></path>
          </svg><span class="truncate relative">NavigationMenu</span>
          <!--v-if-->
        </a></li>
      <li data-menu-item="" class=""><a href="/popover" class="group relative w-full flex items-center gap-1.5 rounded-md font-medium text-sm before:absolute before:rounded-md focus:outline-none focus-visible:outline-none dark:focus-visible:outline-none focus-visible:ring-inset focus-visible:ring-2 focus-visible:ring-primary-500 dark:focus-visible:ring-primary-400 disabled:cursor-not-allowed disabled:opacity-75 px-2.5 py-1.5 before:inset-px" data-radix-vue-collection-item="">
          <!--v-if--><svg data-v-0eed249c="" xmlns="http://www.w3.org/2000/svg" xmlns:xlink="http://www.w3.org/1999/xlink" aria-hidden="true" role="img" class="icon shrink-0 w-5 h-5 relative text-gray-400 dark:text-gray-500 group-hover:text-gray-700 dark:group-hover:text-gray-200" width="1em" height="1em" viewBox="0 0 24 24">
            <path fill="none" stroke="currentColor" stroke-linecap="round" stroke-linejoin="round" stroke-width="1.5" d="m6.75 7.5l3 2.25l-3 2.25m4.5 0h3m-9 8.25h13.5A2.25 2.25 0 0 0 21 18V6a2.25 2.25 0 0 0-2.25-2.25H5.25A2.25 2.25 0 0 0 3 6v12a2.25 2.25 0 0 0 2.25 2.25"></path>
          </svg><span class="truncate relative">Popover</span>
          <!--v-if-->
        </a></li>
    </ul>
  </div>
  <div style="position: relative;">
    <ul class="" data-orientation="vertical">
      <li data-menu-item="" class=""><a href="https://ui.nuxt.com" rel="noopener noreferrer" target="_blank" class="group relative w-full flex items-center gap-1.5 rounded-md font-medium text-sm before:absolute before:rounded-md focus:outline-none focus-visible:outline-none dark:focus-visible:outline-none focus-visible:ring-inset focus-visible:ring-2 focus-visible:ring-primary-500 dark:focus-visible:ring-primary-400 disabled:cursor-not-allowed disabled:opacity-75 px-2.5 py-1.5 before:inset-px" data-radix-vue-collection-item="">
          <!--v-if--><svg data-v-0eed249c="" xmlns="http://www.w3.org/2000/svg" xmlns:xlink="http://www.w3.org/1999/xlink" aria-hidden="true" role="img" class="icon shrink-0 w-5 h-5 relative text-gray-400 dark:text-gray-500 group-hover:text-gray-700 dark:group-hover:text-gray-200" width="1em" height="1em" viewBox="0 0 24 24">
            <path fill="none" stroke="currentColor" stroke-linecap="round" stroke-linejoin="round" stroke-width="1.5" d="M12 18v-5.25m0 0a6.01 6.01 0 0 0 1.5-.189m-1.5.189a6.01 6.01 0 0 1-1.5-.189m3.75 7.478a12.06 12.06 0 0 1-4.5 0m3.75 2.383a14.406 14.406 0 0 1-3 0M14.25 18v-.192c0-.983.658-1.823 1.508-2.316a7.5 7.5 0 1 0-7.517 0c.85.493 1.509 1.333 1.509 2.316V18"></path>
          </svg><span class="truncate relative">Examples</span>
          <!--v-if-->
        </a></li>
      <li data-menu-item="" class=""><button class="group relative w-full flex items-center gap-1.5 rounded-md font-medium text-sm before:absolute before:rounded-md focus:outline-none focus-visible:outline-none dark:focus-visible:outline-none focus-visible:ring-inset focus-visible:ring-2 focus-visible:ring-primary-500 dark:focus-visible:ring-primary-400 disabled:cursor-not-allowed disabled:opacity-75 px-2.5 py-1.5 before:inset-px" data-radix-vue-collection-item="">
          <!--v-if--><svg data-v-0eed249c="" xmlns="http://www.w3.org/2000/svg" xmlns:xlink="http://www.w3.org/1999/xlink" aria-hidden="true" role="img" class="icon shrink-0 w-5 h-5 relative text-gray-400 dark:text-gray-500 group-hover:text-gray-700 dark:group-hover:text-gray-200" width="1em" height="1em" viewBox="0 0 24 24">
            <path fill="none" stroke="currentColor" stroke-linecap="round" stroke-linejoin="round" stroke-width="1.5" d="M9.879 7.519c1.172-1.025 3.071-1.025 4.243 0c1.171 1.025 1.171 2.687 0 3.712a2.98 2.98 0 0 1-.67.442c-.746.361-1.452.999-1.452 1.827v.75M21 12a9 9 0 1 1-18 0a9 9 0 0 1 18 0m-9 5.25h.008v.008H12z"></path>
          </svg><span class="truncate relative">Help</span>
          <!--v-if-->
        </button></li>
    </ul>
  </div>
</nav>"
`;
