// Vitest Snapshot v1, https://vitest.dev/guide/snapshot.html

exports[`Switch > renders basic case correctly 1`] = `
"<button class="peer inline-flex shrink-0 items-center rounded-full border-2 border-transparent transition-colors duration-200 focus-visible:outline-none focus-visible:ring-2 focus-visible:ring-offset-2 focus-visible:ring-offset-white dark:focus-visible:ring-offset-gray-900 disabled:cursor-not-allowed disabled:opacity-75 data-[state=unchecked]:bg-gray-200 dark:data-[state=unchecked]:bg-gray-700 data-[state=checked]:bg-primary-500 dark:data-[state=checked]:bg-primary-400 focus-visible:ring-primary-500 dark:focus-visible:ring-primary-400 h-5 w-9" role="switch" type="button" aria-checked="false" aria-required="false" data-state="unchecked" value="on"><span data-state="unchecked" class="group pointer-events-none rounded-full bg-white dark:bg-gray-900 shadow-lg ring-0 transition-transform duration-200 data-[state=unchecked]:translate-x-0 flex items-center justify-center size-4 data-[state=checked]:translate-x-4"></span></button>
<!---->"
`;

exports[`Switch > renders with as correctly 1`] = `
"<section class="peer inline-flex shrink-0 items-center rounded-full border-2 border-transparent transition-colors duration-200 focus-visible:outline-none focus-visible:ring-2 focus-visible:ring-offset-2 focus-visible:ring-offset-white dark:focus-visible:ring-offset-gray-900 disabled:cursor-not-allowed disabled:opacity-75 data-[state=unchecked]:bg-gray-200 dark:data-[state=unchecked]:bg-gray-700 data-[state=checked]:bg-primary-500 dark:data-[state=checked]:bg-primary-400 focus-visible:ring-primary-500 dark:focus-visible:ring-primary-400 h-5 w-9" role="switch" aria-checked="false" aria-required="false" data-state="unchecked" disabled="false" value="on"><span data-state="unchecked" class="group pointer-events-none rounded-full bg-white dark:bg-gray-900 shadow-lg ring-0 transition-transform duration-200 data-[state=unchecked]:translate-x-0 flex items-center justify-center size-4 data-[state=checked]:translate-x-4"></span></section>
<!---->"
`;

exports[`Switch > renders with checked correctly 1`] = `
"<button class="peer inline-flex shrink-0 items-center rounded-full border-2 border-transparent transition-colors duration-200 focus-visible:outline-none focus-visible:ring-2 focus-visible:ring-offset-2 focus-visible:ring-offset-white dark:focus-visible:ring-offset-gray-900 disabled:cursor-not-allowed disabled:opacity-75 data-[state=unchecked]:bg-gray-200 dark:data-[state=unchecked]:bg-gray-700 data-[state=checked]:bg-primary-500 dark:data-[state=checked]:bg-primary-400 focus-visible:ring-primary-500 dark:focus-visible:ring-primary-400 h-5 w-9" role="switch" type="button" aria-checked="true" aria-required="false" data-state="checked" value="on"><span data-state="checked" class="group pointer-events-none rounded-full bg-white dark:bg-gray-900 shadow-lg ring-0 transition-transform duration-200 data-[state=unchecked]:translate-x-0 flex items-center justify-center size-4 data-[state=checked]:translate-x-4"></span></button>
<!---->"
`;

exports[`Switch > renders with class correctly 1`] = `
"<button class="peer inline-flex shrink-0 items-center rounded-full border-2 border-transparent transition-colors duration-200 focus-visible:outline-none focus-visible:ring-2 focus-visible:ring-offset-2 focus-visible:ring-offset-white dark:focus-visible:ring-offset-gray-900 disabled:cursor-not-allowed disabled:opacity-75 data-[state=unchecked]:bg-gray-200 dark:data-[state=unchecked]:bg-gray-700 data-[state=checked]:bg-primary-500 dark:data-[state=checked]:bg-primary-400 focus-visible:ring-primary-500 dark:focus-visible:ring-primary-400 h-5 w-9" role="switch" type="button" aria-checked="false" aria-required="false" data-state="unchecked" value="on"><span data-state="unchecked" class="group pointer-events-none rounded-full bg-white dark:bg-gray-900 shadow-lg ring-0 transition-transform duration-200 data-[state=unchecked]:translate-x-0 flex items-center justify-center size-4 data-[state=checked]:translate-x-4"></span></button>
<!---->"
`;

exports[`Switch > renders with defaultChecked correctly 1`] = `
"<button class="peer inline-flex shrink-0 items-center rounded-full border-2 border-transparent transition-colors duration-200 focus-visible:outline-none focus-visible:ring-2 focus-visible:ring-offset-2 focus-visible:ring-offset-white dark:focus-visible:ring-offset-gray-900 disabled:cursor-not-allowed disabled:opacity-75 data-[state=unchecked]:bg-gray-200 dark:data-[state=unchecked]:bg-gray-700 data-[state=checked]:bg-primary-500 dark:data-[state=checked]:bg-primary-400 focus-visible:ring-primary-500 dark:focus-visible:ring-primary-400 h-5 w-9" role="switch" type="button" aria-checked="true" aria-required="false" data-state="checked" value="on"><span data-state="checked" class="group pointer-events-none rounded-full bg-white dark:bg-gray-900 shadow-lg ring-0 transition-transform duration-200 data-[state=unchecked]:translate-x-0 flex items-center justify-center size-4 data-[state=checked]:translate-x-4"></span></button>
<!---->"
`;

exports[`Switch > renders with disabled correctly 1`] = `
"<button class="peer inline-flex shrink-0 items-center rounded-full border-2 border-transparent transition-colors duration-200 focus-visible:outline-none focus-visible:ring-2 focus-visible:ring-offset-2 focus-visible:ring-offset-white dark:focus-visible:ring-offset-gray-900 disabled:cursor-not-allowed disabled:opacity-75 data-[state=unchecked]:bg-gray-200 dark:data-[state=unchecked]:bg-gray-700 data-[state=checked]:bg-primary-500 dark:data-[state=checked]:bg-primary-400 focus-visible:ring-primary-500 dark:focus-visible:ring-primary-400 h-5 w-9" role="switch" type="button" aria-checked="false" aria-required="false" data-state="unchecked" data-disabled="" disabled="" value="on"><span data-state="unchecked" data-disabled="" class="group pointer-events-none rounded-full bg-white dark:bg-gray-900 shadow-lg ring-0 transition-transform duration-200 data-[state=unchecked]:translate-x-0 flex items-center justify-center size-4 data-[state=checked]:translate-x-4"></span></button>
<!---->"
`;

exports[`Switch > renders with id correctly 1`] = `
"<button class="peer inline-flex shrink-0 items-center rounded-full border-2 border-transparent transition-colors duration-200 focus-visible:outline-none focus-visible:ring-2 focus-visible:ring-offset-2 focus-visible:ring-offset-white dark:focus-visible:ring-offset-gray-900 disabled:cursor-not-allowed disabled:opacity-75 data-[state=unchecked]:bg-gray-200 dark:data-[state=unchecked]:bg-gray-700 data-[state=checked]:bg-primary-500 dark:data-[state=checked]:bg-primary-400 focus-visible:ring-primary-500 dark:focus-visible:ring-primary-400 h-5 w-9" id="test" role="switch" type="button" aria-checked="false" aria-required="false" data-state="unchecked" value="on"><span data-state="unchecked" class="group pointer-events-none rounded-full bg-white dark:bg-gray-900 shadow-lg ring-0 transition-transform duration-200 data-[state=unchecked]:translate-x-0 flex items-center justify-center size-4 data-[state=checked]:translate-x-4"></span></button>
<!---->"
`;

exports[`Switch > renders with name correctly 1`] = `
"<button class="peer inline-flex shrink-0 items-center rounded-full border-2 border-transparent transition-colors duration-200 focus-visible:outline-none focus-visible:ring-2 focus-visible:ring-offset-2 focus-visible:ring-offset-white dark:focus-visible:ring-offset-gray-900 disabled:cursor-not-allowed disabled:opacity-75 data-[state=unchecked]:bg-gray-200 dark:data-[state=unchecked]:bg-gray-700 data-[state=checked]:bg-primary-500 dark:data-[state=checked]:bg-primary-400 focus-visible:ring-primary-500 dark:focus-visible:ring-primary-400 h-5 w-9" role="switch" type="button" aria-checked="false" aria-required="false" data-state="unchecked" value="on"><span data-state="unchecked" class="group pointer-events-none rounded-full bg-white dark:bg-gray-900 shadow-lg ring-0 transition-transform duration-200 data-[state=unchecked]:translate-x-0 flex items-center justify-center size-4 data-[state=checked]:translate-x-4"></span></button>
<!---->"
`;

exports[`Switch > renders with required correctly 1`] = `
"<button class="peer inline-flex shrink-0 items-center rounded-full border-2 border-transparent transition-colors duration-200 focus-visible:outline-none focus-visible:ring-2 focus-visible:ring-offset-2 focus-visible:ring-offset-white dark:focus-visible:ring-offset-gray-900 disabled:cursor-not-allowed disabled:opacity-75 data-[state=unchecked]:bg-gray-200 dark:data-[state=unchecked]:bg-gray-700 data-[state=checked]:bg-primary-500 dark:data-[state=checked]:bg-primary-400 focus-visible:ring-primary-500 dark:focus-visible:ring-primary-400 h-5 w-9" role="switch" type="button" aria-checked="false" aria-required="true" data-state="unchecked" value="on"><span data-state="unchecked" class="group pointer-events-none rounded-full bg-white dark:bg-gray-900 shadow-lg ring-0 transition-transform duration-200 data-[state=unchecked]:translate-x-0 flex items-center justify-center size-4 data-[state=checked]:translate-x-4"></span></button>
<!---->"
`;

exports[`Switch > renders with size 2xl correctly 1`] = `
"<button class="peer inline-flex shrink-0 items-center rounded-full border-2 border-transparent transition-colors duration-200 focus-visible:outline-none focus-visible:ring-2 focus-visible:ring-offset-2 focus-visible:ring-offset-white dark:focus-visible:ring-offset-gray-900 disabled:cursor-not-allowed disabled:opacity-75 data-[state=unchecked]:bg-gray-200 dark:data-[state=unchecked]:bg-gray-700 data-[state=checked]:bg-primary-500 dark:data-[state=checked]:bg-primary-400 focus-visible:ring-primary-500 dark:focus-visible:ring-primary-400" role="switch" type="button" aria-checked="false" aria-required="false" data-state="unchecked" value="on"><span data-state="unchecked" class="group pointer-events-none rounded-full bg-white dark:bg-gray-900 shadow-lg ring-0 transition-transform duration-200 data-[state=unchecked]:translate-x-0 flex items-center justify-center"></span></button>
<!---->"
`;

exports[`Switch > renders with size 2xs correctly 1`] = `
"<button class="peer inline-flex shrink-0 items-center rounded-full border-2 border-transparent transition-colors duration-200 focus-visible:outline-none focus-visible:ring-2 focus-visible:ring-offset-2 focus-visible:ring-offset-white dark:focus-visible:ring-offset-gray-900 disabled:cursor-not-allowed disabled:opacity-75 data-[state=unchecked]:bg-gray-200 dark:data-[state=unchecked]:bg-gray-700 data-[state=checked]:bg-primary-500 dark:data-[state=checked]:bg-primary-400 focus-visible:ring-primary-500 dark:focus-visible:ring-primary-400" role="switch" type="button" aria-checked="false" aria-required="false" data-state="unchecked" value="on"><span data-state="unchecked" class="group pointer-events-none rounded-full bg-white dark:bg-gray-900 shadow-lg ring-0 transition-transform duration-200 data-[state=unchecked]:translate-x-0 flex items-center justify-center"></span></button>
<!---->"
`;

exports[`Switch > renders with size lg correctly 1`] = `
"<button class="peer inline-flex shrink-0 items-center rounded-full border-2 border-transparent transition-colors duration-200 focus-visible:outline-none focus-visible:ring-2 focus-visible:ring-offset-2 focus-visible:ring-offset-white dark:focus-visible:ring-offset-gray-900 disabled:cursor-not-allowed disabled:opacity-75 data-[state=unchecked]:bg-gray-200 dark:data-[state=unchecked]:bg-gray-700 data-[state=checked]:bg-primary-500 dark:data-[state=checked]:bg-primary-400 focus-visible:ring-primary-500 dark:focus-visible:ring-primary-400 h-7 w-[3.25rem]" role="switch" type="button" aria-checked="false" aria-required="false" data-state="unchecked" value="on"><span data-state="unchecked" class="group pointer-events-none rounded-full bg-white dark:bg-gray-900 shadow-lg ring-0 transition-transform duration-200 data-[state=unchecked]:translate-x-0 flex items-center justify-center size-6 data-[state=checked]:translate-x-6"></span></button>
<!---->"
`;

exports[`Switch > renders with size md correctly 1`] = `
"<button class="peer inline-flex shrink-0 items-center rounded-full border-2 border-transparent transition-colors duration-200 focus-visible:outline-none focus-visible:ring-2 focus-visible:ring-offset-2 focus-visible:ring-offset-white dark:focus-visible:ring-offset-gray-900 disabled:cursor-not-allowed disabled:opacity-75 data-[state=unchecked]:bg-gray-200 dark:data-[state=unchecked]:bg-gray-700 data-[state=checked]:bg-primary-500 dark:data-[state=checked]:bg-primary-400 focus-visible:ring-primary-500 dark:focus-visible:ring-primary-400 h-6 w-11" role="switch" type="button" aria-checked="false" aria-required="false" data-state="unchecked" value="on"><span data-state="unchecked" class="group pointer-events-none rounded-full bg-white dark:bg-gray-900 shadow-lg ring-0 transition-transform duration-200 data-[state=unchecked]:translate-x-0 flex items-center justify-center size-5 data-[state=checked]:translate-x-5"></span></button>
<!---->"
`;

exports[`Switch > renders with size sm correctly 1`] = `
"<button class="peer inline-flex shrink-0 items-center rounded-full border-2 border-transparent transition-colors duration-200 focus-visible:outline-none focus-visible:ring-2 focus-visible:ring-offset-2 focus-visible:ring-offset-white dark:focus-visible:ring-offset-gray-900 disabled:cursor-not-allowed disabled:opacity-75 data-[state=unchecked]:bg-gray-200 dark:data-[state=unchecked]:bg-gray-700 data-[state=checked]:bg-primary-500 dark:data-[state=checked]:bg-primary-400 focus-visible:ring-primary-500 dark:focus-visible:ring-primary-400 h-5 w-9" role="switch" type="button" aria-checked="false" aria-required="false" data-state="unchecked" value="on"><span data-state="unchecked" class="group pointer-events-none rounded-full bg-white dark:bg-gray-900 shadow-lg ring-0 transition-transform duration-200 data-[state=unchecked]:translate-x-0 flex items-center justify-center size-4 data-[state=checked]:translate-x-4"></span></button>
<!---->"
`;

exports[`Switch > renders with size xl correctly 1`] = `
"<button class="peer inline-flex shrink-0 items-center rounded-full border-2 border-transparent transition-colors duration-200 focus-visible:outline-none focus-visible:ring-2 focus-visible:ring-offset-2 focus-visible:ring-offset-white dark:focus-visible:ring-offset-gray-900 disabled:cursor-not-allowed disabled:opacity-75 data-[state=unchecked]:bg-gray-200 dark:data-[state=unchecked]:bg-gray-700 data-[state=checked]:bg-primary-500 dark:data-[state=checked]:bg-primary-400 focus-visible:ring-primary-500 dark:focus-visible:ring-primary-400" role="switch" type="button" aria-checked="false" aria-required="false" data-state="unchecked" value="on"><span data-state="unchecked" class="group pointer-events-none rounded-full bg-white dark:bg-gray-900 shadow-lg ring-0 transition-transform duration-200 data-[state=unchecked]:translate-x-0 flex items-center justify-center"></span></button>
<!---->"
`;

exports[`Switch > renders with size xs correctly 1`] = `
"<button class="peer inline-flex shrink-0 items-center rounded-full border-2 border-transparent transition-colors duration-200 focus-visible:outline-none focus-visible:ring-2 focus-visible:ring-offset-2 focus-visible:ring-offset-white dark:focus-visible:ring-offset-gray-900 disabled:cursor-not-allowed disabled:opacity-75 data-[state=unchecked]:bg-gray-200 dark:data-[state=unchecked]:bg-gray-700 data-[state=checked]:bg-primary-500 dark:data-[state=checked]:bg-primary-400 focus-visible:ring-primary-500 dark:focus-visible:ring-primary-400 h-4 w-7" role="switch" type="button" aria-checked="false" aria-required="false" data-state="unchecked" value="on"><span data-state="unchecked" class="group pointer-events-none rounded-full bg-white dark:bg-gray-900 shadow-lg ring-0 transition-transform duration-200 data-[state=unchecked]:translate-x-0 flex items-center justify-center size-3 data-[state=checked]:translate-x-3"></span></button>
<!---->"
`;

exports[`Switch > renders with ui correctly 1`] = `
"<button class="peer inline-flex shrink-0 items-center rounded-full border-2 border-transparent transition-colors duration-200 focus-visible:outline-none focus-visible:ring-2 focus-visible:ring-offset-2 focus-visible:ring-offset-white dark:focus-visible:ring-offset-gray-900 disabled:cursor-not-allowed disabled:opacity-75 data-[state=unchecked]:bg-gray-200 dark:data-[state=unchecked]:bg-gray-700 data-[state=checked]:bg-primary-500 dark:data-[state=checked]:bg-primary-400 focus-visible:ring-primary-500 dark:focus-visible:ring-primary-400 h-5 w-9" role="switch" type="button" aria-checked="false" aria-required="false" data-state="unchecked" value="on"><span data-state="unchecked" class="group pointer-events-none rounded-full bg-white dark:bg-gray-900 shadow-lg ring-0 transition-transform duration-200 data-[state=unchecked]:translate-x-0 flex items-center justify-center size-4 data-[state=checked]:translate-x-4"></span></button>
<!---->"
`;

exports[`Switch > renders with value correctly 1`] = `
"<button class="peer inline-flex shrink-0 items-center rounded-full border-2 border-transparent transition-colors duration-200 focus-visible:outline-none focus-visible:ring-2 focus-visible:ring-offset-2 focus-visible:ring-offset-white dark:focus-visible:ring-offset-gray-900 disabled:cursor-not-allowed disabled:opacity-75 data-[state=unchecked]:bg-gray-200 dark:data-[state=unchecked]:bg-gray-700 data-[state=checked]:bg-primary-500 dark:data-[state=checked]:bg-primary-400 focus-visible:ring-primary-500 dark:focus-visible:ring-primary-400 h-5 w-9" role="switch" type="button" aria-checked="false" aria-required="false" data-state="unchecked" value="switch"><span data-state="unchecked" class="group pointer-events-none rounded-full bg-white dark:bg-gray-900 shadow-lg ring-0 transition-transform duration-200 data-[state=unchecked]:translate-x-0 flex items-center justify-center size-4 data-[state=checked]:translate-x-4"></span></button>
<!---->"
`;
