// Vitest Snapshot v1, https://vitest.dev/guide/snapshot.html

exports[`Textarea > renders basic case correctly 1`] = `"<div class="relative"><textarea rows="3" class="relative block w-full disabled:cursor-not-allowed disabled:opacity-75 focus:outline-none border-0 rounded-md placeholder-gray-400 dark:placeholder-gray-500 text-sm gap-x-1.5 px-2.5 py-1.5 shadow-sm bg-white dark:bg-gray-900 text-gray-900 dark:text-white ring ring-inset ring-gray-300 dark:ring-gray-700 focus:ring-2 focus:ring-primary-500 dark:focus:ring-primary-400"></textarea></div>"`;

exports[`Textarea > renders with color correctly 1`] = `"<div class="relative"><textarea rows="3" class="relative block w-full disabled:cursor-not-allowed disabled:opacity-75 focus:outline-none border-0 rounded-md placeholder-gray-400 dark:placeholder-gray-500 text-sm gap-x-1.5 px-2.5 py-1.5 shadow-sm bg-transparent text-gray-900 dark:text-white ring ring-inset ring-blue-500 dark:ring-blue-400 focus:ring-2 focus:ring-blue-500 dark:focus:ring-blue-400"></textarea></div>"`;

exports[`Textarea > renders with default slot correctly 1`] = `"<div class="relative"><textarea rows="3" class="relative block w-full disabled:cursor-not-allowed disabled:opacity-75 focus:outline-none border-0 rounded-md placeholder-gray-400 dark:placeholder-gray-500 text-sm gap-x-1.5 px-2.5 py-1.5 shadow-sm bg-white dark:bg-gray-900 text-gray-900 dark:text-white ring ring-inset ring-gray-300 dark:ring-gray-700 focus:ring-2 focus:ring-primary-500 dark:focus:ring-primary-400"></textarea>Default slot</div>"`;

exports[`Textarea > renders with disabled correctly 1`] = `"<div class="relative"><textarea rows="3" class="relative block w-full disabled:cursor-not-allowed disabled:opacity-75 focus:outline-none border-0 rounded-md placeholder-gray-400 dark:placeholder-gray-500 text-sm gap-x-1.5 px-2.5 py-1.5 shadow-sm bg-white dark:bg-gray-900 text-gray-900 dark:text-white ring ring-inset ring-gray-300 dark:ring-gray-700 focus:ring-2 focus:ring-primary-500 dark:focus:ring-primary-400" disabled=""></textarea></div>"`;

exports[`Textarea > renders with id correctly 1`] = `"<div class="relative"><textarea id="exampleId" rows="3" class="relative block w-full disabled:cursor-not-allowed disabled:opacity-75 focus:outline-none border-0 rounded-md placeholder-gray-400 dark:placeholder-gray-500 text-sm gap-x-1.5 px-2.5 py-1.5 shadow-sm bg-white dark:bg-gray-900 text-gray-900 dark:text-white ring ring-inset ring-gray-300 dark:ring-gray-700 focus:ring-2 focus:ring-primary-500 dark:focus:ring-primary-400"></textarea></div>"`;

exports[`Textarea > renders with name correctly 1`] = `"<div class="relative"><textarea name="exampleName" rows="3" class="relative block w-full disabled:cursor-not-allowed disabled:opacity-75 focus:outline-none border-0 rounded-md placeholder-gray-400 dark:placeholder-gray-500 text-sm gap-x-1.5 px-2.5 py-1.5 shadow-sm bg-white dark:bg-gray-900 text-gray-900 dark:text-white ring ring-inset ring-gray-300 dark:ring-gray-700 focus:ring-2 focus:ring-primary-500 dark:focus:ring-primary-400"></textarea></div>"`;

exports[`Textarea > renders with placeholder correctly 1`] = `"<div class="relative"><textarea rows="3" placeholder="examplePlaceholder" class="relative block w-full disabled:cursor-not-allowed disabled:opacity-75 focus:outline-none border-0 rounded-md placeholder-gray-400 dark:placeholder-gray-500 text-sm gap-x-1.5 px-2.5 py-1.5 shadow-sm bg-white dark:bg-gray-900 text-gray-900 dark:text-white ring ring-inset ring-gray-300 dark:ring-gray-700 focus:ring-2 focus:ring-primary-500 dark:focus:ring-primary-400"></textarea></div>"`;

exports[`Textarea > renders with required correctly 1`] = `"<div class="relative"><textarea rows="3" class="relative block w-full disabled:cursor-not-allowed disabled:opacity-75 focus:outline-none border-0 rounded-md placeholder-gray-400 dark:placeholder-gray-500 text-sm gap-x-1.5 px-2.5 py-1.5 shadow-sm bg-white dark:bg-gray-900 text-gray-900 dark:text-white ring ring-inset ring-gray-300 dark:ring-gray-700 focus:ring-2 focus:ring-primary-500 dark:focus:ring-primary-400" required=""></textarea></div>"`;

exports[`Textarea > renders with rows correctly 1`] = `"<div class="relative"><textarea rows="5" class="relative block w-full disabled:cursor-not-allowed disabled:opacity-75 focus:outline-none border-0 rounded-md placeholder-gray-400 dark:placeholder-gray-500 text-sm gap-x-1.5 px-2.5 py-1.5 shadow-sm bg-white dark:bg-gray-900 text-gray-900 dark:text-white ring ring-inset ring-gray-300 dark:ring-gray-700 focus:ring-2 focus:ring-primary-500 dark:focus:ring-primary-400"></textarea></div>"`;

exports[`Textarea > renders with size 2xs correctly 1`] = `"<div class="relative"><textarea rows="3" class="relative block w-full disabled:cursor-not-allowed disabled:opacity-75 focus:outline-none border-0 rounded-md placeholder-gray-400 dark:placeholder-gray-500 text-xs gap-x-1 px-2 py-1 shadow-sm bg-white dark:bg-gray-900 text-gray-900 dark:text-white ring ring-inset ring-gray-300 dark:ring-gray-700 focus:ring-2 focus:ring-primary-500 dark:focus:ring-primary-400"></textarea></div>"`;

exports[`Textarea > renders with size correctly 1`] = `"<div class="relative"><textarea rows="3" class="relative block w-full disabled:cursor-not-allowed disabled:opacity-75 focus:outline-none border-0 rounded-md placeholder-gray-400 dark:placeholder-gray-500 text-sm gap-x-1.5 px-2.5 py-1.5 shadow-sm bg-white dark:bg-gray-900 text-gray-900 dark:text-white ring ring-inset ring-gray-300 dark:ring-gray-700 focus:ring-2 focus:ring-primary-500 dark:focus:ring-primary-400"></textarea></div>"`;

exports[`Textarea > renders with size lg correctly 1`] = `"<div class="relative"><textarea rows="3" class="relative block w-full disabled:cursor-not-allowed disabled:opacity-75 focus:outline-none border-0 rounded-md placeholder-gray-400 dark:placeholder-gray-500 text-sm gap-x-2.5 px-3.5 py-2.5 shadow-sm bg-white dark:bg-gray-900 text-gray-900 dark:text-white ring ring-inset ring-gray-300 dark:ring-gray-700 focus:ring-2 focus:ring-primary-500 dark:focus:ring-primary-400"></textarea></div>"`;

exports[`Textarea > renders with size md correctly 1`] = `"<div class="relative"><textarea rows="3" class="relative block w-full disabled:cursor-not-allowed disabled:opacity-75 focus:outline-none border-0 rounded-md placeholder-gray-400 dark:placeholder-gray-500 text-sm gap-x-1.5 px-3 py-2 shadow-sm bg-white dark:bg-gray-900 text-gray-900 dark:text-white ring ring-inset ring-gray-300 dark:ring-gray-700 focus:ring-2 focus:ring-primary-500 dark:focus:ring-primary-400"></textarea></div>"`;

exports[`Textarea > renders with size sm correctly 1`] = `"<div class="relative"><textarea rows="3" class="relative block w-full disabled:cursor-not-allowed disabled:opacity-75 focus:outline-none border-0 rounded-md placeholder-gray-400 dark:placeholder-gray-500 text-sm gap-x-1.5 px-2.5 py-1.5 shadow-sm bg-white dark:bg-gray-900 text-gray-900 dark:text-white ring ring-inset ring-gray-300 dark:ring-gray-700 focus:ring-2 focus:ring-primary-500 dark:focus:ring-primary-400"></textarea></div>"`;

exports[`Textarea > renders with size xl correctly 1`] = `"<div class="relative"><textarea rows="3" class="relative block w-full disabled:cursor-not-allowed disabled:opacity-75 focus:outline-none border-0 rounded-md placeholder-gray-400 dark:placeholder-gray-500 text-base gap-x-2.5 px-3.5 py-2.5 shadow-sm bg-white dark:bg-gray-900 text-gray-900 dark:text-white ring ring-inset ring-gray-300 dark:ring-gray-700 focus:ring-2 focus:ring-primary-500 dark:focus:ring-primary-400"></textarea></div>"`;

exports[`Textarea > renders with size xs correctly 1`] = `"<div class="relative"><textarea rows="3" class="relative block w-full disabled:cursor-not-allowed disabled:opacity-75 focus:outline-none border-0 rounded-md placeholder-gray-400 dark:placeholder-gray-500 text-sm gap-x-1.5 px-2.5 py-1 shadow-sm bg-white dark:bg-gray-900 text-gray-900 dark:text-white ring ring-inset ring-gray-300 dark:ring-gray-700 focus:ring-2 focus:ring-primary-500 dark:focus:ring-primary-400"></textarea></div>"`;

exports[`Textarea > renders with variant correctly 1`] = `"<div class="relative"><textarea rows="3" class="relative block w-full disabled:cursor-not-allowed disabled:opacity-75 focus:outline-none border-0 rounded-md placeholder-gray-400 dark:placeholder-gray-500 text-sm gap-x-1.5 px-2.5 py-1.5 shadow-sm bg-white dark:bg-gray-900 text-gray-900 dark:text-white ring ring-inset ring-gray-300 dark:ring-gray-700 focus:ring-2 focus:ring-primary-500 dark:focus:ring-primary-400"></textarea></div>"`;
